// Bun Snapshot v1, https://bun.sh/docs/test/snapshots

exports[`ChatHistory 快照测试 - 消息布局 1`] = `
"                                                            
┌──────────────────────────────────────────────────────────┐
│                                                          │
│  ● 响应  10:00:00                                        │
│                                                          │
│                                                          │
│  SQL 分析完成                                            │
│                                                          │
└──────────────────────────────────────────────────────────┘
                                                            
"
`;

exports[`Sidebar 快照测试 - 侧边栏布局 1`] = `
" ┌────────────────────┐     
 │                    │     
 │  状态              │     
 │                    │     
 └────────────────────┘     
                            
   WebSocket:               
                            
   ● 已连接                 
                            
   状态:                    
                            
   就绪                     
                            
   Session:                 
                            
   test-sessi...            
                            
                            
                            
                            
                            
                            
                            
"
`;

exports[`CommandInput 快照测试 - 输入框样式 1`] = `
"                                                                      
                                                                      
快捷键:    Enter 发送    |    Esc 清空                                
                                                                      
                                                                      
                                                                      
                                                                      
                                                                      
"
`;

exports[`App Integration 快照测试 - 完整界面布局 1`] = `
"                                                                                                                        
  GDB   |   性能分析工具                                                                                      ○ 未连接  
                                                                                                 ┌────────────────────┐ 
  会话记录                                                                                       │                    │ 
                                                                                                 │  状态              │ 
                                                                                              █  │                    │ 
                                                                                              █  └────────────────────┘ 
                                                                                              █                         
                                                                                              █    WebSocket:           
                                                                                              █                         
                                                                                              █    ○ 未连接             
                                                                                              █                         
                                                                                              █    状态:                
                                                                                              █                         
                                                                                              █    就绪                 
                                                                                              █                         
                                                                                              █    Session:             
                                                                                              █                         
                                                                                              █    -                    
                                                                                              █                         
                                                                                              ▀                         
                                                                                                                        
                                                                                                                        
                                                                                                                        
                                                                                                                        
                                                                                                                        
                                                                                                                        
                                                                                                                        
                                                                                                                        
                                                                                                                        
                                                                                                                        
                                                                                                                        
                                                                                                                        
                                                                                                                        
                                                                                                                        
                                                                                                                        
                                                                                                                        
  ❯                                                                                                                     
                                                                                                                        
     快捷键:    Enter 发送    |    Esc 清空                                                                             
"
`;
